// Jest Snapshot v1, https://goo.gl/fbAQLP

exports[`App component only should be mounted correctly 1`] = `
<div
  className="app-wrapper o-layout--2panes"
>
  <Alerter
    into="body"
  />
  <Wrapper />
  <main
    className="app-content"
  >
    <Switch>
      <Route
        component={[Function]}
        path="/discover"
      />
      <Route
        component={[Function]}
        path="/install"
      />
      <Route
        component={[Function]}
        path="/myapps"
      />
      <Redirect
        exact={true}
        from="/"
        push={false}
        to="/discover"
      />
      <Redirect
        from="*"
        push={false}
        to="/discover"
      />
    </Switch>
  </main>
</div>
`;
